
{
    "item": {
        "Author": {
            "S": "John Doe"
        }, 
        "MessageId": {
            "S": "1"
        },
        "Subject": {
            "S": "Vacation1"
        }, 
        "Body": {
            "S": "Some vacation issues"
        }, 
        "DateTime": {
          "N": "20140313164951"
        }
    },

    "expected": {
        "Subject": {
            "value": {"S": "Vacation"}
        }    
    },
   "time_to_live": 20
}
